nodes
| tst.js:5:9:5:46 | bodyParameter |
| tst.js:5:25:5:32 | req.body |
| tst.js:5:25:5:32 | req.body |
| tst.js:5:25:5:46 | req.bod ... rameter |
| tst.js:6:9:6:49 | queryParameter |
| tst.js:6:9:6:49 | queryParameter |
| tst.js:6:26:6:49 | req.que ... rameter |
| tst.js:6:26:6:49 | req.que ... rameter |
| tst.js:6:26:6:49 | req.que ... rameter |
| tst.js:8:28:8:40 | bodyParameter |
| tst.js:8:28:8:40 | bodyParameter |
| tst.js:9:28:9:41 | queryParameter |
| tst.js:9:28:9:41 | queryParameter |
| tst.js:18:19:18:32 | queryParameter |
| tst.js:18:19:18:32 | queryParameter |
| tst.js:21:24:21:26 | obj |
| tst.js:21:24:21:26 | obj |
| tst.js:22:28:22:30 | obj |
| tst.js:22:28:22:30 | obj |
| tst.js:24:11:24:24 | str |
| tst.js:24:17:24:19 | obj |
| tst.js:24:17:24:24 | obj + "" |
| tst.js:27:28:27:42 | JSON.parse(str) |
| tst.js:27:28:27:42 | JSON.parse(str) |
| tst.js:27:39:27:41 | str |
edges
| tst.js:5:9:5:46 | bodyParameter | tst.js:8:28:8:40 | bodyParameter |
| tst.js:5:9:5:46 | bodyParameter | tst.js:8:28:8:40 | bodyParameter |
| tst.js:5:25:5:32 | req.body | tst.js:5:25:5:46 | req.bod ... rameter |
| tst.js:5:25:5:32 | req.body | tst.js:5:25:5:46 | req.bod ... rameter |
| tst.js:5:25:5:46 | req.bod ... rameter | tst.js:5:9:5:46 | bodyParameter |
| tst.js:6:9:6:49 | queryParameter | tst.js:9:28:9:41 | queryParameter |
| tst.js:6:9:6:49 | queryParameter | tst.js:9:28:9:41 | queryParameter |
| tst.js:6:9:6:49 | queryParameter | tst.js:18:19:18:32 | queryParameter |
| tst.js:6:9:6:49 | queryParameter | tst.js:18:19:18:32 | queryParameter |
| tst.js:6:26:6:49 | req.que ... rameter | tst.js:6:9:6:49 | queryParameter |
| tst.js:6:26:6:49 | req.que ... rameter | tst.js:6:9:6:49 | queryParameter |
| tst.js:6:26:6:49 | req.que ... rameter | tst.js:6:9:6:49 | queryParameter |
| tst.js:6:26:6:49 | req.que ... rameter | tst.js:6:9:6:49 | queryParameter |
| tst.js:18:19:18:32 | queryParameter | tst.js:21:24:21:26 | obj |
| tst.js:18:19:18:32 | queryParameter | tst.js:21:24:21:26 | obj |
| tst.js:21:24:21:26 | obj | tst.js:22:28:22:30 | obj |
| tst.js:21:24:21:26 | obj | tst.js:22:28:22:30 | obj |
| tst.js:21:24:21:26 | obj | tst.js:24:17:24:19 | obj |
| tst.js:24:11:24:24 | str | tst.js:27:39:27:41 | str |
| tst.js:24:17:24:19 | obj | tst.js:24:17:24:24 | obj + "" |
| tst.js:24:17:24:24 | obj + "" | tst.js:24:11:24:24 | str |
| tst.js:27:39:27:41 | str | tst.js:27:28:27:42 | JSON.parse(str) |
| tst.js:27:39:27:41 | str | tst.js:27:28:27:42 | JSON.parse(str) |
#select
| tst.js:8:28:8:40 | bodyParameter | tst.js:5:25:5:32 | req.body | tst.js:8:28:8:40 | bodyParameter | Template object injection due to $@. | tst.js:5:25:5:32 | req.body | user-provided value |
| tst.js:9:28:9:41 | queryParameter | tst.js:6:26:6:49 | req.que ... rameter | tst.js:9:28:9:41 | queryParameter | Template object injection due to $@. | tst.js:6:26:6:49 | req.que ... rameter | user-provided value |
| tst.js:22:28:22:30 | obj | tst.js:6:26:6:49 | req.que ... rameter | tst.js:22:28:22:30 | obj | Template object injection due to $@. | tst.js:6:26:6:49 | req.que ... rameter | user-provided value |
| tst.js:27:28:27:42 | JSON.parse(str) | tst.js:6:26:6:49 | req.que ... rameter | tst.js:27:28:27:42 | JSON.parse(str) | Template object injection due to $@. | tst.js:6:26:6:49 | req.que ... rameter | user-provided value |
