| TestCollect.java:14:20:14:26 | taint(...) | TestCollect.java:17:14:17:24 | asList(...) |
| TestCollect.java:14:20:14:26 | taint(...) | TestCollect.java:21:14:21:55 | filter(...) |
| TestCollect.java:14:20:14:26 | taint(...) | TestCollect.java:23:14:23:51 | newHashSet(...) |
| TestCollect.java:27:31:27:37 | taint(...) | TestCollect.java:27:14:27:65 | of(...) |
| TestCollect.java:27:40:27:46 | taint(...) | TestCollect.java:27:14:27:65 | of(...) |
| TestCollect.java:27:49:27:55 | taint(...) | TestCollect.java:27:14:27:65 | of(...) |
| TestCollect.java:27:58:27:64 | taint(...) | TestCollect.java:27:14:27:65 | of(...) |
| TestCollect.java:28:39:28:45 | taint(...) | TestCollect.java:28:14:28:64 | of(...) |
| TestCollect.java:28:57:28:63 | taint(...) | TestCollect.java:28:14:28:64 | of(...) |
| TestCollect.java:29:44:29:50 | taint(...) | TestCollect.java:29:14:29:69 | of(...) |
| TestCollect.java:29:62:29:68 | taint(...) | TestCollect.java:29:14:29:69 | of(...) |
| TestCollect.java:30:49:30:55 | taint(...) | TestCollect.java:30:14:30:56 | of(...) |
| TestCollect.java:34:20:34:26 | taint(...) | TestCollect.java:41:14:41:22 | build(...) |
| TestCollect.java:34:20:34:26 | taint(...) | TestCollect.java:46:14:46:22 | build(...) |
| TestCollect.java:34:20:34:26 | taint(...) | TestCollect.java:48:14:48:60 | build(...) |
| TestCollect.java:34:20:34:26 | taint(...) | TestCollect.java:54:14:54:23 | build(...) |
| TestCollect.java:58:20:58:26 | taint(...) | TestCollect.java:64:14:64:15 | t1 |
| TestCollect.java:58:20:58:26 | taint(...) | TestCollect.java:65:14:65:24 | row(...) |
| TestCollect.java:58:20:58:26 | taint(...) | TestCollect.java:69:18:69:29 | getValue(...) |
| TestCollect.java:58:20:58:26 | taint(...) | TestCollect.java:72:14:72:32 | remove(...) |
| TestCollect.java:80:20:80:26 | taint(...) | TestCollect.java:82:14:82:15 | m1 |
| TestCollect.java:80:20:80:26 | taint(...) | TestCollect.java:83:14:83:24 | get(...) |
| TestCollect.java:80:20:80:26 | taint(...) | TestCollect.java:86:14:86:15 | m2 |
| TestCollect.java:80:20:80:26 | taint(...) | TestCollect.java:89:14:89:15 | m3 |
| TestCollect.java:80:20:80:26 | taint(...) | TestCollect.java:93:18:93:29 | getValue(...) |
| TestCollect.java:101:62:101:68 | taint(...) | TestCollect.java:103:14:103:14 | s |
| TestCollect.java:101:62:101:68 | taint(...) | TestCollect.java:104:14:104:41 | copyOf(...) |
| TestCollect.java:101:62:101:68 | taint(...) | TestCollect.java:105:14:105:47 | copyOf(...) |
| TestCollect.java:101:62:101:68 | taint(...) | TestCollect.java:110:14:110:42 | sortedCopyOf(...) |
| TestCollect.java:101:62:101:68 | taint(...) | TestCollect.java:111:14:111:48 | sortedCopyOf(...) |
| TestCollect.java:107:18:107:24 | taint(...) | TestCollect.java:108:14:108:50 | copyOfSorted(...) |
| TestCollect.java:113:75:113:81 | taint(...) | TestCollect.java:115:14:115:14 | m |
| TestCollect.java:113:75:113:81 | taint(...) | TestCollect.java:116:14:116:41 | copyOf(...) |
| TestCollect.java:113:75:113:81 | taint(...) | TestCollect.java:117:14:117:47 | copyOf(...) |
| TestCollect.java:119:23:119:29 | taint(...) | TestCollect.java:120:14:120:50 | copyOfSorted(...) |
| TestStrings.java:15:20:15:26 | taint(...) | TestStrings.java:17:14:17:41 | padStart(...) |
| TestStrings.java:15:20:15:26 | taint(...) | TestStrings.java:18:14:18:39 | padEnd(...) |
| TestStrings.java:15:20:15:26 | taint(...) | TestStrings.java:19:14:19:33 | repeat(...) |
| TestStrings.java:15:20:15:26 | taint(...) | TestStrings.java:20:14:20:56 | emptyToNull(...) |
| TestStrings.java:15:20:15:26 | taint(...) | TestStrings.java:21:14:21:40 | lenientFormat(...) |
| TestStrings.java:15:20:15:26 | taint(...) | TestStrings.java:24:14:24:51 | lenientFormat(...) |
| TestStrings.java:28:20:28:26 | taint(...) | TestStrings.java:32:14:32:23 | split(...) |
| TestStrings.java:28:20:28:26 | taint(...) | TestStrings.java:33:14:33:29 | splitToList(...) |
| TestStrings.java:28:20:28:26 | taint(...) | TestStrings.java:35:14:35:50 | split(...) |
| TestStrings.java:39:20:39:26 | taint(...) | TestStrings.java:46:14:46:54 | appendTo(...) |
| TestStrings.java:39:20:39:26 | taint(...) | TestStrings.java:47:14:47:26 | toString(...) |
| TestStrings.java:39:20:39:26 | taint(...) | TestStrings.java:48:14:48:51 | appendTo(...) |
| TestStrings.java:39:20:39:26 | taint(...) | TestStrings.java:49:14:49:26 | toString(...) |
| TestStrings.java:39:20:39:26 | taint(...) | TestStrings.java:52:14:52:42 | appendTo(...) |
| TestStrings.java:39:20:39:26 | taint(...) | TestStrings.java:57:14:57:56 | join(...) |
| TestStrings.java:39:20:39:26 | taint(...) | TestStrings.java:58:14:58:82 | join(...) |
| TestStrings.java:39:20:39:26 | taint(...) | TestStrings.java:60:14:60:58 | join(...) |
